------------------------------------------------------------
Timing Analyzer Summary
------------------------------------------------------------

Type  : Slow 1200mV 85C Model Setup 'sar:inst|step[0]'
Slack : -5.839
TNS   : -44.827

Type  : Slow 1200mV 85C Model Setup 'clk'
Slack : -3.826
TNS   : -88.421

Type  : Slow 1200mV 85C Model Setup 'clock_divider:inst4|counter[0]'
Slack : -3.675
TNS   : -68.935

Type  : Slow 1200mV 85C Model Hold 'clock_divider:inst4|counter[0]'
Slack : 0.353
TNS   : 0.000

Type  : Slow 1200mV 85C Model Hold 'clk'
Slack : 0.397
TNS   : 0.000

Type  : Slow 1200mV 85C Model Hold 'sar:inst|step[0]'
Slack : 3.607
TNS   : 0.000

Type  : Slow 1200mV 85C Model Minimum Pulse Width 'clk'
Slack : -3.000
TNS   : -79.176

Type  : Slow 1200mV 85C Model Minimum Pulse Width 'clock_divider:inst4|counter[0]'
Slack : -1.000
TNS   : -20.000

Type  : Slow 1200mV 85C Model Minimum Pulse Width 'sar:inst|step[0]'
Slack : -1.000
TNS   : -8.000

Type  : Slow 1200mV 0C Model Setup 'sar:inst|step[0]'
Slack : -5.113
TNS   : -39.085

Type  : Slow 1200mV 0C Model Setup 'clk'
Slack : -3.402
TNS   : -78.199

Type  : Slow 1200mV 0C Model Setup 'clock_divider:inst4|counter[0]'
Slack : -3.284
TNS   : -61.166

Type  : Slow 1200mV 0C Model Hold 'clk'
Slack : 0.332
TNS   : 0.000

Type  : Slow 1200mV 0C Model Hold 'clock_divider:inst4|counter[0]'
Slack : 0.368
TNS   : 0.000

Type  : Slow 1200mV 0C Model Hold 'sar:inst|step[0]'
Slack : 3.217
TNS   : 0.000

Type  : Slow 1200mV 0C Model Minimum Pulse Width 'clk'
Slack : -3.000
TNS   : -79.176

Type  : Slow 1200mV 0C Model Minimum Pulse Width 'clock_divider:inst4|counter[0]'
Slack : -1.000
TNS   : -20.000

Type  : Slow 1200mV 0C Model Minimum Pulse Width 'sar:inst|step[0]'
Slack : -1.000
TNS   : -8.000

Type  : Fast 1200mV 0C Model Setup 'sar:inst|step[0]'
Slack : -2.879
TNS   : -21.801

Type  : Fast 1200mV 0C Model Setup 'clock_divider:inst4|counter[0]'
Slack : -1.811
TNS   : -33.691

Type  : Fast 1200mV 0C Model Setup 'clk'
Slack : -1.793
TNS   : -41.054

Type  : Fast 1200mV 0C Model Hold 'clk'
Slack : 0.037
TNS   : 0.000

Type  : Fast 1200mV 0C Model Hold 'clock_divider:inst4|counter[0]'
Slack : 0.270
TNS   : 0.000

Type  : Fast 1200mV 0C Model Hold 'sar:inst|step[0]'
Slack : 2.052
TNS   : 0.000

Type  : Fast 1200mV 0C Model Minimum Pulse Width 'clk'
Slack : -3.000
TNS   : -53.262

Type  : Fast 1200mV 0C Model Minimum Pulse Width 'clock_divider:inst4|counter[0]'
Slack : -1.000
TNS   : -20.000

Type  : Fast 1200mV 0C Model Minimum Pulse Width 'sar:inst|step[0]'
Slack : -1.000
TNS   : -8.000

------------------------------------------------------------
