------------------------------------------------------------
Timing Analyzer Summary
------------------------------------------------------------

Type  : Slow 1200mV 85C Model Setup 'control'
Slack : -5.857
TNS   : -45.430

Type  : Slow 1200mV 85C Model Setup 'clk'
Slack : -3.895
TNS   : -508.044

Type  : Slow 1200mV 85C Model Setup 'clock_divider:inst4|counter[0]'
Slack : -2.816
TNS   : -54.868

Type  : Slow 1200mV 85C Model Hold 'clk'
Slack : 0.358
TNS   : 0.000

Type  : Slow 1200mV 85C Model Hold 'clock_divider:inst4|counter[0]'
Slack : 0.382
TNS   : 0.000

Type  : Slow 1200mV 85C Model Hold 'control'
Slack : 0.757
TNS   : 0.000

Type  : Slow 1200mV 85C Model Minimum Pulse Width 'clk'
Slack : -3.000
TNS   : -202.576

Type  : Slow 1200mV 85C Model Minimum Pulse Width 'control'
Slack : -3.000
TNS   : -11.000

Type  : Slow 1200mV 85C Model Minimum Pulse Width 'clock_divider:inst4|counter[0]'
Slack : -1.000
TNS   : -28.000

Type  : Slow 1200mV 0C Model Setup 'control'
Slack : -5.137
TNS   : -39.766

Type  : Slow 1200mV 0C Model Setup 'clk'
Slack : -3.418
TNS   : -440.595

Type  : Slow 1200mV 0C Model Setup 'clock_divider:inst4|counter[0]'
Slack : -2.403
TNS   : -45.971

Type  : Slow 1200mV 0C Model Hold 'clk'
Slack : 0.312
TNS   : 0.000

Type  : Slow 1200mV 0C Model Hold 'clock_divider:inst4|counter[0]'
Slack : 0.333
TNS   : 0.000

Type  : Slow 1200mV 0C Model Hold 'control'
Slack : 0.700
TNS   : 0.000

Type  : Slow 1200mV 0C Model Minimum Pulse Width 'clk'
Slack : -3.000
TNS   : -202.936

Type  : Slow 1200mV 0C Model Minimum Pulse Width 'control'
Slack : -3.000
TNS   : -11.000

Type  : Slow 1200mV 0C Model Minimum Pulse Width 'clock_divider:inst4|counter[0]'
Slack : -1.000
TNS   : -28.000

Type  : Fast 1200mV 0C Model Setup 'control'
Slack : -2.829
TNS   : -21.615

Type  : Fast 1200mV 0C Model Setup 'clk'
Slack : -1.833
TNS   : -212.281

Type  : Fast 1200mV 0C Model Setup 'clock_divider:inst4|counter[0]'
Slack : -1.107
TNS   : -19.796

Type  : Fast 1200mV 0C Model Hold 'clk'
Slack : 0.187
TNS   : 0.000

Type  : Fast 1200mV 0C Model Hold 'clock_divider:inst4|counter[0]'
Slack : 0.201
TNS   : 0.000

Type  : Fast 1200mV 0C Model Hold 'control'
Slack : 0.344
TNS   : 0.000

Type  : Fast 1200mV 0C Model Minimum Pulse Width 'clk'
Slack : -3.000
TNS   : -215.849

Type  : Fast 1200mV 0C Model Minimum Pulse Width 'control'
Slack : -3.000
TNS   : -12.282

Type  : Fast 1200mV 0C Model Minimum Pulse Width 'clock_divider:inst4|counter[0]'
Slack : -1.000
TNS   : -28.000

------------------------------------------------------------
