Info: Starting: Create block symbol file (.bsf)
Info: qsys-generate C:\Users\newto\INFORMES_ASSD\TP3\EJ2\SAR\adc_test.qsys --block-symbol-file --output-directory=C:\Users\newto\INFORMES_ASSD\TP3\EJ2\SAR\adc_test --family="Cyclone IV E" --part=EP4CE6F17C6
Progress: Loading SAR/adc_test.qsys
Progress: Reading input file
Progress: Adding adc_mega_0 [altera_up_avalon_adc_mega 18.0]
Progress: Parameterizing module adc_mega_0
Progress: Building connections
Progress: Parameterizing connections
Progress: Validating
Progress: Done reading input file
Info: qsys-generate succeeded.
Info: Finished: Create block symbol file (.bsf)
Info: 
Info: Starting: Create HDL design files for synthesis
Info: qsys-generate C:\Users\newto\INFORMES_ASSD\TP3\EJ2\SAR\adc_test.qsys --synthesis=VERILOG --output-directory=C:\Users\newto\INFORMES_ASSD\TP3\EJ2\SAR\adc_test\synthesis --family="Cyclone IV E" --part=EP4CE6F17C6
Progress: Loading SAR/adc_test.qsys
Progress: Reading input file
Progress: Adding adc_mega_0 [altera_up_avalon_adc_mega 18.0]
Progress: Parameterizing module adc_mega_0
Progress: Building connections
Progress: Parameterizing connections
Progress: Validating
Progress: Done reading input file
Info: adc_test: Generating adc_test "adc_test" for QUARTUS_SYNTH
Info: adc_mega_0: Starting Generation of ADC Controller for DE-series Board
Info: adc_mega_0: C:/intelfpga_lite/18.1/ip/altera/university_program/input_output/altera_up_avalon_adc/hdl/altera_up_avalon_adv_adc.v C:/Users/newto/AppData/Local/Temp/alt8044_4237374095987244311.dir/0002_sopcgen/adc_test_adc_mega_0.v
Info: adc_mega_0: "adc_test" instantiated altera_up_avalon_adc_mega "adc_mega_0"
Info: adc_test: Done "adc_test" with 2 modules, 3 files
Info: qsys-generate succeeded.
Info: Finished: Create HDL design files for synthesis
